// Jest Snapshot v1, https://goo.gl/fbAQLP

exports[`JobSelector should return the job set on state 1`] = `
Object {
  "id": "123",
  "status": "Created",
}
`;
