// Jest Snapshot v1, https://goo.gl/fbAQLP

exports[`Processing Should match snapshot 1`] = `
<styled.div
  title="processing"
>
  <ProcessorIcon />
  processing
</styled.div>
`;
